V3 7
FL $XILINX/verilog/src/glbl.v 2006/05/17.12:09:08 I.31
MO work/glbl            FL $XILINX/verilog/src/glbl.v
FL $XILINX/bin/nt/9bitCounter/test.v 2018/11/11.14:24:02 I.31
MO work/test_v          FL $XILINX/bin/nt/9bitCounter/test.v MI Counter
FL $XILINX/bin/nt/9bitCounter/Counter.v 2018/11/11.17:15:36 I.31
MO work/Counter         FL $XILINX/bin/nt/9bitCounter/Counter.v
